// Jest Snapshot v1, https://goo.gl/fbAQLP

exports[`Build distribution should match a specific file output: consistent output 1`] = `
Array [
  Array [
    "",
    "./backend/dist/app*map",
    "./backend/dist/app.js",
    "./backend/dist/plugins/kube*map",
    "./backend/dist/plugins/kube.js",
    "./backend/dist/routes/api/builds/index*map",
    "./backend/dist/routes/api/builds/index.js",
    "./backend/dist/routes/api/builds/list*map",
    "./backend/dist/routes/api/builds/list.js",
    "./backend/dist/routes/api/cluster-settings/clusterSettingsUtils*map",
    "./backend/dist/routes/api/cluster-settings/clusterSettingsUtils.js",
    "./backend/dist/routes/api/cluster-settings/index*map",
    "./backend/dist/routes/api/cluster-settings/index.js",
    "./backend/dist/routes/api/components/index*map",
    "./backend/dist/routes/api/components/index.js",
    "./backend/dist/routes/api/components/list*map",
    "./backend/dist/routes/api/components/list.js",
    "./backend/dist/routes/api/config/index*map",
    "./backend/dist/routes/api/config/index.js",
    "./backend/dist/routes/api/console-links/index*map",
    "./backend/dist/routes/api/console-links/index.js",
    "./backend/dist/routes/api/console-links/list*map",
    "./backend/dist/routes/api/console-links/list.js",
    "./backend/dist/routes/api/docs/index*map",
    "./backend/dist/routes/api/docs/index.js",
    "./backend/dist/routes/api/docs/list*map",
    "./backend/dist/routes/api/docs/list.js",
    "./backend/dist/routes/api/getting-started/gettingStartedUtils*map",
    "./backend/dist/routes/api/getting-started/gettingStartedUtils.js",
    "./backend/dist/routes/api/getting-started/index*map",
    "./backend/dist/routes/api/getting-started/index.js",
    "./backend/dist/routes/api/getting-started/list*map",
    "./backend/dist/routes/api/getting-started/list.js",
    "./backend/dist/routes/api/not-found*map",
    "./backend/dist/routes/api/not-found.js",
    "./backend/dist/routes/api/notebooks/index*map",
    "./backend/dist/routes/api/notebooks/index.js",
    "./backend/dist/routes/api/notebooks/notebookUtils*map",
    "./backend/dist/routes/api/notebooks/notebookUtils.js",
    "./backend/dist/routes/api/quickstarts/index*map",
    "./backend/dist/routes/api/quickstarts/index.js",
    "./backend/dist/routes/api/quickstarts/quickStartUtils*map",
    "./backend/dist/routes/api/quickstarts/quickStartUtils.js",
    "./backend/dist/routes/api/segment-key/index*map",
    "./backend/dist/routes/api/segment-key/index.js",
    "./backend/dist/routes/api/segment-key/segmentKeyUtils*map",
    "./backend/dist/routes/api/segment-key/segmentKeyUtils.js",
    "./backend/dist/routes/api/status/index*map",
    "./backend/dist/routes/api/status/index.js",
    "./backend/dist/routes/api/status/statusUtils*map",
    "./backend/dist/routes/api/status/statusUtils.js",
    "./backend/dist/routes/api/validate-isv/index*map",
    "./backend/dist/routes/api/validate-isv/index.js",
    "./backend/dist/routes/api/validate-isv/validateISV*map",
    "./backend/dist/routes/api/validate-isv/validateISV.js",
    "./backend/dist/routes/root*map",
    "./backend/dist/routes/root.js",
    "./backend/dist/server*map",
    "./backend/dist/server.js",
    "./backend/dist/types*map",
    "./backend/dist/types.js",
    "./backend/dist/utils/componentUtils*map",
    "./backend/dist/utils/componentUtils.js",
    "./backend/dist/utils/constants*map",
    "./backend/dist/utils/constants.js",
    "./backend/dist/utils/deployment*map",
    "./backend/dist/utils/deployment.js",
    "./backend/dist/utils/dotenv*map",
    "./backend/dist/utils/dotenv.js",
    "./backend/dist/utils/features*map",
    "./backend/dist/utils/features.js",
    "./backend/dist/utils/resourceUtils*map",
    "./backend/dist/utils/resourceUtils.js",
    "./backend/dist/utils/resourceWatcher*map",
    "./backend/dist/utils/resourceWatcher.js",
  ],
  Array [
    "",
    "./frontend/public/0*css",
    "./frontend/public/0*js",
    "./frontend/public/0*js*txt",
    "./frontend/public/0*js.map",
    "./frontend/public/1*css",
    "./frontend/public/1*js",
    "./frontend/public/1*js.map",
    "./frontend/public/10*js",
    "./frontend/public/10*js*txt",
    "./frontend/public/10*js.map",
    "./frontend/public/11*js",
    "./frontend/public/11*js.map",
    "./frontend/public/12*js",
    "./frontend/public/12*js.map",
    "./frontend/public/13*js",
    "./frontend/public/13*js.map",
    "./frontend/public/2*css",
    "./frontend/public/2*js",
    "./frontend/public/2*js*txt",
    "./frontend/public/2*js.map",
    "./frontend/public/3*css",
    "./frontend/public/3*js",
    "./frontend/public/3*js*txt",
    "./frontend/public/3*js.map",
    "./frontend/public/5*css",
    "./frontend/public/5*js",
    "./frontend/public/5*js.map",
    "./frontend/public/6*css",
    "./frontend/public/6*js",
    "./frontend/public/6*js.map",
    "./frontend/public/7*css",
    "./frontend/public/7*js",
    "./frontend/public/7*js.map",
    "./frontend/public/8*js",
    "./frontend/public/8*js.map",
    "./frontend/public/9*js",
    "./frontend/public/9*js.map",
    "./frontend/public/app*js",
    "./frontend/public/app*js*txt",
    "./frontend/public/app*js.map",
    "./frontend/public/app.css",
    "./frontend/public/index.html",
    "./frontend/public/odh-favicon.svg",
  ],
]
`;
